
> client@0.0.0 build
> vite build

[36mvite v8.0.10 [32mbuilding client environment for production...[36m[39m
[2Ktransforming...✓ 2126 modules transformed.
[31m✗[39m Build failed in 1.80s
[31merror during build:
[31mBuild failed with 1 error:

[plugin vite:css] E:/Programming Area/prafull_vishwadeep/DevSpotlight/client/src/index.css:1:0
CssSyntaxError: [postcss] E:/Programming Area/prafull_vishwadeep/DevSpotlight/client/src/index.css:1:1: The `border-border` class does not exist. If `border-border` is a custom class, make sure it is defined within a `@layer` directive.
    at Input.error (E:\Programming Area\prafull_vishwadeep\DevSpotlight\client\node_modules\postcss\lib\input.js:135:16)
    at AtRule.error (E:\Programming Area\prafull_vishwadeep\DevSpotlight\client\node_modules\postcss\lib\node.js:146:32)
    at processApply (E:\Programming Area\prafull_vishwadeep\DevSpotlight\client\node_modules\tailwindcss\lib\lib\expandApplyAtRules.js:380:29)
    at E:\Programming Area\prafull_vishwadeep\DevSpotlight\client\node_modules\tailwindcss\lib\lib\expandApplyAtRules.js:538:9
    at E:\Programming Area\prafull_vishwadeep\DevSpotlight\client\node_modules\tailwindcss\lib\processTailwindFeatures.js:57:50
    at async plugins (E:\Programming Area\prafull_vishwadeep\DevSpotlight\client\node_modules\tailwindcss\lib\plugin.js:38:17)
    at async LazyResult.runAsync (E:\Programming Area\prafull_vishwadeep\DevSpotlight\client\node_modules\postcss\lib\lazy-result.js:293:11)
    at async runPostCSS (file:///E:/Programming%20Area/prafull_vishwadeep/DevSpotlight/client/node_modules/vite/dist/node/chunks/node.js:21046:19)
    at async compilePostCSS (file:///E:/Programming%20Area/prafull_vishwadeep/DevSpotlight/client/node_modules/vite/dist/node/chunks/node.js:21030:6)
    at async compileCSS (file:///E:/Programming%20Area/prafull_vishwadeep/DevSpotlight/client/node_modules/vite/dist/node/chunks/node.js:20960:26)[31m
    at aggregateBindingErrorsIntoJsError (file:///E:/Programming%20Area/prafull_vishwadeep/DevSpotlight/client/node_modules/rolldown/dist/shared/error-DL-e8-oE.mjs:48:18)
    at unwrapBindingResult (file:///E:/Programming%20Area/prafull_vishwadeep/DevSpotlight/client/node_modules/rolldown/dist/shared/error-DL-e8-oE.mjs:18:128)
    at #build (file:///E:/Programming%20Area/prafull_vishwadeep/DevSpotlight/client/node_modules/rolldown/dist/shared/rolldown-build-DSxL8qiP.mjs:3317:34)
    at async buildEnvironment (file:///E:/Programming%20Area/prafull_vishwadeep/DevSpotlight/client/node_modules/vite/dist/node/chunks/node.js:33018:64)
    at async Object.build (file:///E:/Programming%20Area/prafull_vishwadeep/DevSpotlight/client/node_modules/vite/dist/node/chunks/node.js:33440:19)
    at async Object.buildApp (file:///E:/Programming%20Area/prafull_vishwadeep/DevSpotlight/client/node_modules/vite/dist/node/chunks/node.js:33437:153)
    at async CAC.<anonymous> (file:///E:/Programming%20Area/prafull_vishwadeep/DevSpotlight/client/node_modules/vite/dist/node/cli.js:778:3) {
  errors: [Getter/Setter]
}[39m
